// Jest Snapshot v1, https://goo.gl/fbAQLP

exports[`Test render ExpenseListItem with expense.id=1 1`] = `
<Link
  className="list-item"
  replace={false}
  to="/edit/2"
>
  <div>
    <h3
      className="list-item__title"
    >
      plin
    </h3>
    <span
      className="list-item__subtitle"
    >
      28.12.1969.
    </span>
  </div>
  <h3
    className="list-item__data"
  >
    1.345,00 HRK
  </h3>
</Link>
`;
